Criando ambiente virtual...
Instalando dependências...
Collecting pip
  Downloading https://files.pythonhosted.org/packages/8a/6a/19e9fe04fca059ccf770861c7d5721ab4c2aebc539889e97c7977528a53b/pip-24.0-py3-none-any.whl (2.1MB)
Installing collected packages: pip
  Found existing installation: pip 19.0.3
    Uninstalling pip-19.0.3:
      Successfully uninstalled pip-19.0.3
Successfully installed pip-24.0
Collecting pyscf (from -r requirements.txt (line 1))
  Downloading pyscf-2.10.0-py3-none-manylinux_2_17_x86_64.manylinux2014_x86_64.whl.metadata (6.4 kB)
Collecting filelock (from -r requirements.txt (line 2))
  Downloading filelock-3.12.2-py3-none-any.whl.metadata (2.7 kB)
Collecting numpy!=1.16,!=1.17,>=1.13 (from pyscf->-r requirements.txt (line 1))
  Downloading numpy-1.21.6-cp37-cp37m-manylinux_2_12_x86_64.manylinux2010_x86_64.whl.metadata (2.1 kB)
Collecting scipy>=1.6.0 (from pyscf->-r requirements.txt (line 1))
  Downloading scipy-1.7.3-cp37-cp37m-manylinux_2_12_x86_64.manylinux2010_x86_64.whl.metadata (2.2 kB)
Collecting h5py>=2.7 (from pyscf->-r requirements.txt (line 1))
  Downloading h5py-3.8.0-cp37-cp37m-manylinux_2_17_x86_64.manylinux2014_x86_64.whl.metadata (2.5 kB)
Requirement already satisfied: setuptools in ./venv_fci/lib/python3.7/site-packages (from pyscf->-r requirements.txt (line 1)) (40.8.0)
Downloading pyscf-2.10.0-py3-none-manylinux_2_17_x86_64.manylinux2014_x86_64.whl (51.2 MB)
   ━━━━━━━━━━━━━━━━━━━━━━━━━━━━━━━━━━━━━━━━ 51.2/51.2 MB 2.4 MB/s eta 0:00:00
Downloading filelock-3.12.2-py3-none-any.whl (10 kB)
Downloading h5py-3.8.0-cp37-cp37m-manylinux_2_17_x86_64.manylinux2014_x86_64.whl (4.3 MB)
   ━━━━━━━━━━━━━━━━━━━━━━━━━━━━━━━━━━━━━━━━ 4.3/4.3 MB 7.3 MB/s eta 0:00:00
Downloading numpy-1.21.6-cp37-cp37m-manylinux_2_12_x86_64.manylinux2010_x86_64.whl (15.7 MB)
   ━━━━━━━━━━━━━━━━━━━━━━━━━━━━━━━━━━━━━━━━ 15.7/15.7 MB 10.4 MB/s eta 0:00:00
Downloading scipy-1.7.3-cp37-cp37m-manylinux_2_12_x86_64.manylinux2010_x86_64.whl (38.1 MB)
   ━━━━━━━━━━━━━━━━━━━━━━━━━━━━━━━━━━━━━━━━ 38.1/38.1 MB 8.9 MB/s eta 0:00:00
Installing collected packages: numpy, filelock, scipy, h5py, pyscf
Successfully installed filelock-3.12.2 h5py-3.8.0 numpy-1.21.6 pyscf-2.10.0 scipy-1.7.3
Iniciando cálculos FCI paralelos...
Limpando ambiente virtual...
Job finalizado em Seg Jul 28 17:43:45 -03 2025
